Archive member included because of file (symbol)

/usr/local/arm/lib/gcc/arm-elf/4.1.0/../../../../arm-elf/lib/thumb/interwork/libc.a(strcpy.o)
                              main.o (strcpy)
/usr/local/arm/lib/gcc/arm-elf/4.1.0/../../../../arm-elf/lib/thumb/interwork/libc.a(strlen.o)
                              main.o (strlen)
/usr/local/arm/lib/gcc/arm-elf/4.1.0/thumb/interwork/libgcc.a(_udivsi3.o)
                              main.o (__udivsi3)
/usr/local/arm/lib/gcc/arm-elf/4.1.0/thumb/interwork/libgcc.a(_umodsi3.o)
                              systime.o (__umodsi3)
/usr/local/arm/lib/gcc/arm-elf/4.1.0/thumb/interwork/libgcc.a(_dvmd_tls.o)
                              /usr/local/arm/lib/gcc/arm-elf/4.1.0/thumb/interwork/libgcc.a(_udivsi3.o) (__div0)
efsl/libefsl.a(efs.o)         main.o (efs_init)
efsl/libefsl.a(disc.o)        efsl/libefsl.a(efs.o) (disc_initDisc)
efsl/libefsl.a(partition.o)   efsl/libefsl.a(efs.o) (part_initPartition)
efsl/libefsl.a(fs.o)          main.o (fs_flushFs)
efsl/libefsl.a(fat.o)         efsl/libefsl.a(fs.o) (fat_getNextClusterChain)
efsl/libefsl.a(file.o)        efsl/libefsl.a(fs.o) (file_normalToFatName)
efsl/libefsl.a(dir.o)         efsl/libefsl.a(fs.o) (dir_addCluster)
efsl/libefsl.a(ioman.o)       efsl/libefsl.a(partition.o) (ioman_directSectorWrite)
efsl/libefsl.a(ui.o)          main.o (rmfile)
efsl/libefsl.a(extract.o)     efsl/libefsl.a(fs.o) (ex_getb16)
efsl/libefsl.a(ls.o)          main.o (ls_getNext)
efsl/libefsl.a(efsl_dbg_printf_arm.o)
                              main.o (efsl_debug_devopen_arm)
efsl/libefsl.a(at91_spi.o)    efsl/libefsl.a(partition.o) (if_writeBuf)
efsl/libefsl.a(plibc.o)       efsl/libefsl.a(dir.o) (strMatch)
efsl/libefsl.a(time.o)        efsl/libefsl.a(file.o) (fs_hasTimeSupport)
efsl/libefsl.a(sd.o)          efsl/libefsl.a(at91_spi.o) (sd_getDriveSize)
/usr/local/arm/lib/gcc/arm-elf/4.1.0/thumb/interwork/libgcc.a(_divsi3.o)
                              efsl/libefsl.a(fs.o) (__divsi3)
/usr/local/arm/lib/gcc/arm-elf/4.1.0/thumb/interwork/libgcc.a(_modsi3.o)
                              efsl/libefsl.a(ls.o) (__modsi3)

Allocating common symbols
Common symbol       size              file

list                0x34              main.o
efs                 0xd64             main.o
filer               0x50              main.o
buf                 0x201             main.o
filew               0x50              main.o
systime_value       0x4               systime.o
e                   0x2               main.o

Memory Configuration

Name             Origin             Length             Attributes
CODE             0x00100000         0x00010000         xr
DATA             0x00200000         0x00004000         rw
*default*        0x00000000         0xffffffff

Linker script and memory map

LOAD startup_SAM7S.o
LOAD interrupt_utils.o
LOAD systime.o
LOAD main.o
LOAD serial.o
LOAD syscalls.o
LOAD /usr/local/arm/lib/gcc/arm-elf/4.1.0/../../../../arm-elf/lib/thumb/interwork/libc.a
LOAD /usr/local/arm/lib/gcc/arm-elf/4.1.0/../../../../arm-elf/lib/thumb/interwork/libm.a
LOAD /usr/local/arm/lib/gcc/arm-elf/4.1.0/../../../../arm-elf/lib/thumb/interwork/libc.a
LOAD /usr/local/arm/lib/gcc/arm-elf/4.1.0/thumb/interwork/libgcc.a
LOAD efsl/libefsl.a
START GROUP
LOAD /usr/local/arm/lib/gcc/arm-elf/4.1.0/thumb/interwork/libgcc.a
LOAD /usr/local/arm/lib/gcc/arm-elf/4.1.0/../../../../arm-elf/lib/thumb/interwork/libg.a
LOAD /usr/local/arm/lib/gcc/arm-elf/4.1.0/../../../../arm-elf/lib/thumb/interwork/libc.a
END GROUP

.text           0x00100000     0x3d2c
 *(.vectrom)
 .vectrom       0x00100000       0x58 startup_SAM7S.o
 *(.init)
 .init          0x00100058      0x160 startup_SAM7S.o
                0x00100058                _startup
 *(.text .text.*)
 .text          0x001001b8       0x78 interrupt_utils.o
                0x001001b8                restoreIRQ
                0x00100200                enableFIQ
                0x001001f0                disableFIQ
                0x00100220                enableIRQ
                0x001001d4                restoreFIQ
                0x00100210                disableIRQ
 .text          0x00100230       0x60 systime.o
                0x0010026c                systime_get
                0x00100230                systime_init
 .text          0x00100290      0x3e8 main.o
                0x00100290                main
 .text          0x00100678       0xcc serial.o
                0x00100728                uart0_prints
                0x00100678                uart0_init
                0x001006d8                uart0_puts
                0x00100700                uart0_putchar
                0x001006c4                uart0_getc
                0x001006a0                uart0_putc
                0x001006b4                uart0_kbhit
 .text          0x00100744       0x9c syscalls.o
                0x00100748                _lseek_r
                0x0010074c                _fstat_r
                0x00100758                isatty
                0x0010075c                _sbrk_r
                0x001007a4                _read_r
                0x00100744                _close_r
                0x00100778                _write_r
 .text          0x001007e0       0x50 /usr/local/arm/lib/gcc/arm-elf/4.1.0/../../../../arm-elf/lib/thumb/interwork/libc.a(strcpy.o)
                0x001007e0                strcpy
 .text          0x00100830       0x50 /usr/local/arm/lib/gcc/arm-elf/4.1.0/../../../../arm-elf/lib/thumb/interwork/libc.a(strlen.o)
                0x00100830                strlen
 .text          0x00100880       0x8c /usr/local/arm/lib/gcc/arm-elf/4.1.0/thumb/interwork/libgcc.a(_udivsi3.o)
                0x00100880                __udivsi3
                0x00100880                __aeabi_uidiv
                0x001008fc                __aeabi_uidivmod
 .text          0x0010090c       0xc8 /usr/local/arm/lib/gcc/arm-elf/4.1.0/thumb/interwork/libgcc.a(_umodsi3.o)
                0x0010090c                __umodsi3
 .text          0x001009d4        0x4 /usr/local/arm/lib/gcc/arm-elf/4.1.0/thumb/interwork/libgcc.a(_dvmd_tls.o)
                0x001009d4                __aeabi_ldiv0
                0x001009d4                __div0
                0x001009d4                __aeabi_idiv0
 .text          0x001009d8       0x8c efsl/libefsl.a(efs.o)
                0x001009d8                efs_init
 .text          0x00100a64       0x50 efsl/libefsl.a(disc.o)
                0x00100aa4                disc_initDisc
                0x00100a64                disc_loadMBR
 .text          0x00100ab4      0x154 efsl/libefsl.a(partition.o)
                0x00100bc0                part_getSect
                0x00100b30                part_readBuf
                0x00100b08                part_getRealLBA
                0x00100adc                part_initPartition
                0x00100b78                part_directSectorRead
                0x00100ab4                part_isFatPart
                0x00100be4                part_writeBuf
                0x00100b1c                part_relSect
                0x00100b9c                part_flushPart
                0x00100b54                part_directSectorWrite
 .text          0x00100c08      0x658 efsl/libefsl.a(fs.o)
                0x00100cac                fs_countDataSectors
                0x00100fdc                fs_loadVolumeId
                0x00100da4                fs_sectorToCluster
                0x00100d04                fs_determineFatType
                0x00101204                fs_initFs
                0x00100d6c                fs_clusterToSector
                0x0010109c                fs_findFile
                0x00101190                fs_findFreeFile
                0x00100e10                fs_setFirstClusterInDirEntry
                0x00100dec                fs_getFirstClusterRootDir
                0x00100f48                fs_flushFs
                0x00100f60                fs_umount
                0x00100de8                fs_giveFreeClusterHint
                0x00100f70                fs_getLastCluster
                0x00100d38                fs_findFirstSectorRootDir
                0x00100e18                fs_setFsInfo
                0x00100fb4                fs_getNextFreeCluster
                0x00100c08                fs_verifySanity
                0x00100e84                fs_getFsInfo
                0x00100e00                fs_initClusterChain
                0x00101088                fs_initCurrentDir
                0x00100f00                fs_clearCluster
                0x00101054                fs_isValidFat
 .text          0x00101260      0x77c efsl/libefsl.a(fat.o)
                0x00101488                fat_getNextClusterChain
                0x00101318                fat_setNextClusterAddressWBuf
                0x00101260                fat_getSectorAddressFatEntry
                0x001013f8                fat_getNextClusterAddressWBuf
                0x00101534                fat_LogicToDiscCluster
                0x001016e8                fat_setNextClusterAddress
                0x001016bc                fat_countFreeClusters
                0x0010160c                fat_getNextClusterAddress
                0x0010158c                fat_DiscToLogicCluster
                0x00101298                fat_isEocMarker
                0x0010184c                fat_allocClusterChain
                0x001012e8                fat_giveEocMarker
                0x001015d0                fat_countClustersInChain
                0x001017fc                fat_unlinkClusterChain
 .text          0x001019dc      0x670 efsl/libefsl.a(file.o)
                0x00101e20                file_write
                0x00101a80                file_normalToFatName
                0x00101b58                file_requiredCluster
                0x00101b48                file_getAttr
                0x00101a24                file_validateChar
                0x00101ea4                file_fopen
                0x00101cbc                file_read
                0x00101bc4                file_fread
                0x00101b24                file_setAttr
                0x00101e3c                file_fclose
                0x001019dc                file_setpos
                0x001019f0                file_initFile
                0x00101cd8                file_fwrite
 .text          0x0010204c      0x400 efsl/libefsl.a(dir.o)
                0x00102164                dir_updateDirectoryEntry
                0x00102368                dir_findinCluster
                0x001023ec                dir_findinDir
                0x001021c0                dir_setFirstCluster
                0x001022c8                dir_findinBuf
                0x001020a4                dir_addCluster
                0x001022ec                dir_findinRootArea
                0x001021f4                dir_createDirectoryEntry
                0x001020e4                dir_createDefaultEntry
                0x00102258                dir_findFileinBuf
                0x00102198                dir_setFileSize
                0x00102110                dir_getFatFileName
                0x00102224                dir_getFileStructure
                0x0010204c                dir_findFreeEntryinBuf
 .text          0x0010244c      0xa34 efsl/libefsl.a(ioman.o)
                0x001029a8                ioman_putSectorInCache
                0x001028f4                ioman_flushRange
                0x00102698                ioman_getPtr
                0x0010262c                ioman_push
                0x0010274c                ioman_findFreeSpot
                0x001024c0                ioman_getUseCnt
                0x00102b78                ioman_printStatus
                0x0010284c                ioman_flushSector
                0x00102984                ioman_readSector
                0x00102ca8                ioman_findUnusedSpot
                0x00102d44                ioman_getSector
                0x0010270c                ioman_findSectorInCache
                0x00102ad0                ioman_findOverallocableSpot
                0x00102a64                ioman_reset
                0x00102580                ioman_decRefCnt
                0x001026b4                ioman_getBp
                0x00102500                ioman_decUseCnt
                0x0010244c                ioman_getBuffer
                0x0010277c                ioman_writeSector
                0x00102c3c                ioman_releaseSector
                0x001027a4                ioman_directSectorWrite
                0x00102e64                ioman_init
                0x001028a0                ioman_flushAll
                0x0010255c                ioman_incRefCnt
                0x00102450                ioman_setAttr
                0x001029f8                ioman_directSectorRead
                0x001025c0                ioman_pop
                0x00102494                ioman_getAttr
                0x00102524                ioman_resetUseCnt
                0x00102540                ioman_getRefCnt
                0x001025a4                ioman_resetRefCnt
                0x001024dc                ioman_incUseCnt
                0x001026e0                ioman_resetCacheItem
 .text          0x00102e80      0x324 efsl/libefsl.a(ui.o)
                0x00102ff8                rmfile
                0x00103074                listFiles
                0x00102e80                mkdir
 .text          0x001031a4       0x90 efsl/libefsl.a(extract.o)
                0x001031f0                ex_getPartitionField
                0x001031a4                ex_getb16
                0x001031dc                ex_setb32
                0x001031b4                ex_getb32
                0x00103230                ex_setPartitionField
                0x001031d0                ex_setb16
 .text          0x00103234      0x1e0 efsl/libefsl.a(ls.o)
                0x0010329c                ls_getRootAreaEntry
                0x00103260                ls_fileEntryToDirListEntry
                0x0010336c                ls_getDirEntry
                0x001032f4                ls_getRealDirEntry
                0x00103390                ls_getNext
                0x00103234                ls_isValidFileEntry
                0x001033c8                ls_openDir
 .text          0x00103414      0x190 efsl/libefsl.a(efsl_dbg_printf_arm.o)
                0x00103414                efsl_debug_devopen_arm
                0x00103448                efsl_debug_printf_arm
 .text          0x001035a4      0x16c efsl/libefsl.a(at91_spi.o)
                0x001035f0                if_spiInit
                0x00103678                if_setPos
                0x001035cc                if_spiSend
                0x0010367c                if_writeBuf
                0x0010368c                if_readBuf
                0x001035a4                if_spiSetSpeed
                0x001036a0                if_initInterface
 .text          0x00103710       0x68 efsl/libefsl.a(plibc.o)
                0x00103764                memSet
                0x00103750                memClr
                0x00103738                memCpy
                0x00103710                strMatch
 .text          0x00103778        0xc efsl/libefsl.a(time.o)
                0x00103778                fs_makeDate
                0x0010377c                fs_makeTime
                0x00103780                fs_hasTimeSupport
 .text          0x00103784      0x410 efsl/libefsl.a(sd.o)
                0x001038b0                sd_getDriveSize
                0x0010395c                sd_readSector
                0x00103784                sd_Resp8bError
                0x00103840                sd_Command
                0x001037f8                sd_Resp8b
                0x001039e8                sd_writeSector
                0x0010381c                sd_Resp16b
                0x00103a4c                sd_State
                0x00103b0c                sd_Init
 .text          0x00103b94       0xa4 /usr/local/arm/lib/gcc/arm-elf/4.1.0/thumb/interwork/libgcc.a(_divsi3.o)
                0x00103b94                __aeabi_idiv
                0x00103b94                __divsi3
                0x00103c28                __aeabi_idivmod
 .text          0x00103c38       0xd8 /usr/local/arm/lib/gcc/arm-elf/4.1.0/thumb/interwork/libgcc.a(_modsi3.o)
                0x00103c38                __modsi3
 *(.gnu.linkonce.t.*)
 *(.glue_7t .glue_7)
 .glue_7        0x00103d10        0xc /usr/local/arm/lib/gcc/arm-elf/4.1.0/thumb/interwork/libgcc.a(_modsi3.o)
                0x00103d10                ____umodsi3_from_arm
 .glue_7t       0x00103d1c       0x10 /usr/local/arm/lib/gcc/arm-elf/4.1.0/thumb/interwork/libgcc.a(_modsi3.o)
                0x00103d28                __systime_get_change_to_arm
                0x00103d1c                __systime_init_from_thumb
                0x00103d24                __systime_get_from_thumb
                0x00103d20                __systime_init_change_to_arm
 *(.fini)
 *(.gcc_except_table)
                0x00103d2c                . = ALIGN (0x4)

.ctors          0x00103d2c        0x0
                0x00103d2c                PROVIDE (__ctors_start__, .)
 *(SORT(.ctors.*))
 *(.ctors)
                0x00103d2c                PROVIDE (__ctors_end__, .)

.dtors          0x00103d2c        0x0
                0x00103d2c                PROVIDE (__dtors_start__, .)
 *(SORT(.dtors.*))
 *(.dtors)
                0x00103d2c                PROVIDE (__dtors_end__, .)

.rodata         0x00103d2c      0x6df
 *(.rodata .rodata.*)
 .rodata.str1.4
                0x00103d2c      0x2c4 main.o
                                0x2c8 (size before relaxing)
 .rodata.str1.4
                0x00103ff0       0x3e efsl/libefsl.a(fat.o)
                                 0x40 (size before relaxing)
 *fill*         0x0010402e        0x2 00
 .rodata.str1.4
                0x00104030       0xa3 efsl/libefsl.a(ioman.o)
                                 0xa4 (size before relaxing)
 *fill*         0x001040d3        0x1 00
 .rodata.str1.4
                0x001040d4       0x52 efsl/libefsl.a(ui.o)
                                 0x54 (size before relaxing)
 *fill*         0x00104126        0x2 00
 .rodata.str1.4
                0x00104128       0x86 efsl/libefsl.a(at91_spi.o)
                                 0x88 (size before relaxing)
 *fill*         0x001041ae        0x2 00
 .rodata.str1.4
                0x001041b0      0x25b efsl/libefsl.a(sd.o)
                                0x260 (size before relaxing)
 *(.gnu.linkonce.r.*)
                0x0010440c                . = ALIGN (0x4)
                0x0010440c                _etext = .
                0x0010440c                PROVIDE (etext, .)

.data           0x00200000       0xd8 load address 0x0010440c
                0x00200000                _data = .
 *(.vectram)
 .vectram       0x00200000       0x58 startup_SAM7S.o
 *(.data)
 .data          0x00200058       0x10 main.o
 .data          0x00200068        0x4 serial.o
                0x00200068                pUSART
                0x0020006c                . = ALIGN (0x4)
 *(.fastrun)
 .fastrun       0x0020006c       0x6c systime.o
                0x0020006c                systime_isr
                0x002000d8                . = ALIGN (0x4)
                0x002000d8                _edata = .
                0x002000d8                PROVIDE (edata, .)

.bss            0x002000d8     0x104a
                0x002000d8                __bss_start = .
                0x002000d8                __bss_start__ = .
 *(.bss)
 .bss           0x002000d8        0x4 syscalls.o
 .bss           0x002000dc        0x4 efsl/libefsl.a(efsl_dbg_printf_arm.o)
 *(COMMON)
 COMMON         0x002000e0        0x4 systime.o
                0x002000e0                systime_value
 COMMON         0x002000e4     0x103e main.o
                0x002000e4                list
                0x00200118                efs
                0x00200e7c                filer
                0x00200ecc                buf
                0x002010d0                filew
                0x00201120                e
                0x00201124                . = ALIGN (0x4)
                0x00201124                __bss_end__ = .
                0x00201124                __bss_end__ = .
                0x00201124                _end = .
                0x00201124                PROVIDE (end, .)

.stab
 *(.stab)

.stabstr
 *(.stabstr)

.stab.excl
 *(.stab.excl)

.stab.exclstr
 *(.stab.exclstr)

.stab.index
 *(.stab.index)

.stab.indexstr
 *(.stab.indexstr)

.comment        0x00000000      0x19e
 *(.comment)
 .comment       0x00000000       0x12 interrupt_utils.o
 .comment       0x00000012       0x12 systime.o
 .comment       0x00000024       0x12 main.o
 .comment       0x00000036       0x12 serial.o
 .comment       0x00000048       0x12 syscalls.o
 .comment       0x0000005a       0x12 /usr/local/arm/lib/gcc/arm-elf/4.1.0/../../../../arm-elf/lib/thumb/interwork/libc.a(strcpy.o)
 .comment       0x0000006c       0x12 /usr/local/arm/lib/gcc/arm-elf/4.1.0/../../../../arm-elf/lib/thumb/interwork/libc.a(strlen.o)
 .comment       0x0000007e       0x12 efsl/libefsl.a(efs.o)
 .comment       0x00000090       0x12 efsl/libefsl.a(disc.o)
 .comment       0x000000a2       0x12 efsl/libefsl.a(partition.o)
 .comment       0x000000b4       0x12 efsl/libefsl.a(fs.o)
 .comment       0x000000c6       0x12 efsl/libefsl.a(fat.o)
 .comment       0x000000d8       0x12 efsl/libefsl.a(file.o)
 .comment       0x000000ea       0x12 efsl/libefsl.a(dir.o)
 .comment       0x000000fc       0x12 efsl/libefsl.a(ioman.o)
 .comment       0x0000010e       0x12 efsl/libefsl.a(ui.o)
 .comment       0x00000120       0x12 efsl/libefsl.a(extract.o)
 .comment       0x00000132       0x12 efsl/libefsl.a(ls.o)
 .comment       0x00000144       0x12 efsl/libefsl.a(efsl_dbg_printf_arm.o)
 .comment       0x00000156       0x12 efsl/libefsl.a(at91_spi.o)
 .comment       0x00000168       0x12 efsl/libefsl.a(plibc.o)
 .comment       0x0000017a       0x12 efsl/libefsl.a(time.o)
 .comment       0x0000018c       0x12 efsl/libefsl.a(sd.o)

.debug
 *(.debug)

.line
 *(.line)

.debug_srcinfo
 *(.debug_srcinfo)

.debug_sfnames
 *(.debug_sfnames)

.debug_aranges  0x00000000      0x3b8
 *(.debug_aranges)
 .debug_aranges
                0x00000000       0x30 startup_SAM7S.o
 .debug_aranges
                0x00000030       0x20 interrupt_utils.o
 .debug_aranges
                0x00000050       0x28 systime.o
 .debug_aranges
                0x00000078       0x20 main.o
 .debug_aranges
                0x00000098       0x20 serial.o
 .debug_aranges
                0x000000b8       0x20 syscalls.o
 .debug_aranges
                0x000000d8       0x20 /usr/local/arm/lib/gcc/arm-elf/4.1.0/../../../../arm-elf/lib/thumb/interwork/libc.a(strcpy.o)
 .debug_aranges
                0x000000f8       0x20 /usr/local/arm/lib/gcc/arm-elf/4.1.0/../../../../arm-elf/lib/thumb/interwork/libc.a(strlen.o)
 .debug_aranges
                0x00000118       0x20 /usr/local/arm/lib/gcc/arm-elf/4.1.0/thumb/interwork/libgcc.a(_udivsi3.o)
 .debug_aranges
                0x00000138       0x20 /usr/local/arm/lib/gcc/arm-elf/4.1.0/thumb/interwork/libgcc.a(_umodsi3.o)
 .debug_aranges
                0x00000158       0x20 /usr/local/arm/lib/gcc/arm-elf/4.1.0/thumb/interwork/libgcc.a(_dvmd_tls.o)
 .debug_aranges
                0x00000178       0x20 efsl/libefsl.a(efs.o)
 .debug_aranges
                0x00000198       0x20 efsl/libefsl.a(disc.o)
 .debug_aranges
                0x000001b8       0x20 efsl/libefsl.a(partition.o)
 .debug_aranges
                0x000001d8       0x20 efsl/libefsl.a(fs.o)
 .debug_aranges
                0x000001f8       0x20 efsl/libefsl.a(fat.o)
 .debug_aranges
                0x00000218       0x20 efsl/libefsl.a(file.o)
 .debug_aranges
                0x00000238       0x20 efsl/libefsl.a(dir.o)
 .debug_aranges
                0x00000258       0x20 efsl/libefsl.a(ioman.o)
 .debug_aranges
                0x00000278       0x20 efsl/libefsl.a(ui.o)
 .debug_aranges
                0x00000298       0x20 efsl/libefsl.a(extract.o)
 .debug_aranges
                0x000002b8       0x20 efsl/libefsl.a(ls.o)
 .debug_aranges
                0x000002d8       0x20 efsl/libefsl.a(efsl_dbg_printf_arm.o)
 .debug_aranges
                0x000002f8       0x20 efsl/libefsl.a(at91_spi.o)
 .debug_aranges
                0x00000318       0x20 efsl/libefsl.a(plibc.o)
 .debug_aranges
                0x00000338       0x20 efsl/libefsl.a(time.o)
 .debug_aranges
                0x00000358       0x20 efsl/libefsl.a(sd.o)
 .debug_aranges
                0x00000378       0x20 /usr/local/arm/lib/gcc/arm-elf/4.1.0/thumb/interwork/libgcc.a(_divsi3.o)
 .debug_aranges
                0x00000398       0x20 /usr/local/arm/lib/gcc/arm-elf/4.1.0/thumb/interwork/libgcc.a(_modsi3.o)

.debug_pubnames
                0x00000000      0xf7c
 *(.debug_pubnames)
 .debug_pubnames
                0x00000000       0x6a interrupt_utils.o
 .debug_pubnames
                0x0000006a       0x55 systime.o
 .debug_pubnames
                0x000000bf       0x4e main.o
 .debug_pubnames
                0x0000010d       0x8c serial.o
 .debug_pubnames
                0x00000199       0x69 syscalls.o
 .debug_pubnames
                0x00000202       0x1d /usr/local/arm/lib/gcc/arm-elf/4.1.0/../../../../arm-elf/lib/thumb/interwork/libc.a(strcpy.o)
 .debug_pubnames
                0x0000021f       0x1d /usr/local/arm/lib/gcc/arm-elf/4.1.0/../../../../arm-elf/lib/thumb/interwork/libc.a(strlen.o)
 .debug_pubnames
                0x0000023c       0x1f efsl/libefsl.a(efs.o)
 .debug_pubnames
                0x0000025b       0x35 efsl/libefsl.a(disc.o)
 .debug_pubnames
                0x00000290       0xdd efsl/libefsl.a(partition.o)
 .debug_pubnames
                0x0000036d      0x205 efsl/libefsl.a(fs.o)
 .debug_pubnames
                0x00000572      0x19b efsl/libefsl.a(fat.o)
 .debug_pubnames
                0x0000070d       0xf9 efsl/libefsl.a(file.o)
 .debug_pubnames
                0x00000806      0x158 efsl/libefsl.a(dir.o)
 .debug_pubnames
                0x0000095e      0x2cd efsl/libefsl.a(ioman.o)
 .debug_pubnames
                0x00000c2b       0x35 efsl/libefsl.a(ui.o)
 .debug_pubnames
                0x00000c60       0x7c efsl/libefsl.a(extract.o)
 .debug_pubnames
                0x00000cdc       0xa9 efsl/libefsl.a(ls.o)
 .debug_pubnames
                0x00000d85       0x47 efsl/libefsl.a(efsl_dbg_printf_arm.o)
 .debug_pubnames
                0x00000dcc       0x85 efsl/libefsl.a(at91_spi.o)
 .debug_pubnames
                0x00000e51       0x40 efsl/libefsl.a(plibc.o)
 .debug_pubnames
                0x00000e91       0x48 efsl/libefsl.a(time.o)
 .debug_pubnames
                0x00000ed9       0xa3 efsl/libefsl.a(sd.o)

.debug_info     0x00000000     0x98de
 *(.debug_info .gnu.linkonce.wi.*)
 .debug_info    0x00000000       0x6a startup_SAM7S.o
 .debug_info    0x0000006a      0x2d2 interrupt_utils.o
 .debug_info    0x0000033c      0x2bf systime.o
 .debug_info    0x000005fb      0xef9 main.o
 .debug_info    0x000014f4      0x3b4 serial.o
 .debug_info    0x000018a8      0xce6 syscalls.o
 .debug_info    0x0000258e      0x10d /usr/local/arm/lib/gcc/arm-elf/4.1.0/../../../../arm-elf/lib/thumb/interwork/libc.a(strcpy.o)
 .debug_info    0x0000269b       0xd6 /usr/local/arm/lib/gcc/arm-elf/4.1.0/../../../../arm-elf/lib/thumb/interwork/libc.a(strlen.o)
 .debug_info    0x00002771       0x89 /usr/local/arm/lib/gcc/arm-elf/4.1.0/thumb/interwork/libgcc.a(_udivsi3.o)
 .debug_info    0x000027fa       0x89 /usr/local/arm/lib/gcc/arm-elf/4.1.0/thumb/interwork/libgcc.a(_umodsi3.o)
 .debug_info    0x00002883       0x89 /usr/local/arm/lib/gcc/arm-elf/4.1.0/thumb/interwork/libgcc.a(_dvmd_tls.o)
 .debug_info    0x0000290c      0x528 efsl/libefsl.a(efs.o)
 .debug_info    0x00002e34      0x35a efsl/libefsl.a(disc.o)
 .debug_info    0x0000318e      0x601 efsl/libefsl.a(partition.o)
 .debug_info    0x0000378f      0xcd5 efsl/libefsl.a(fs.o)
 .debug_info    0x00004464      0xb3d efsl/libefsl.a(fat.o)
 .debug_info    0x00004fa1      0xc73 efsl/libefsl.a(file.o)
 .debug_info    0x00005c14      0xbc4 efsl/libefsl.a(dir.o)
 .debug_info    0x000067d8      0xc4f efsl/libefsl.a(ioman.o)
 .debug_info    0x00007427      0x87a efsl/libefsl.a(ui.o)
 .debug_info    0x00007ca1      0x27f efsl/libefsl.a(extract.o)
 .debug_info    0x00007f20      0x7a7 efsl/libefsl.a(ls.o)
 .debug_info    0x000086c7      0x205 efsl/libefsl.a(efsl_dbg_printf_arm.o)
 .debug_info    0x000088cc      0x866 efsl/libefsl.a(at91_spi.o)
 .debug_info    0x00009132      0x1a4 efsl/libefsl.a(plibc.o)
 .debug_info    0x000092d6       0xb9 efsl/libefsl.a(time.o)
 .debug_info    0x0000938f      0x43d efsl/libefsl.a(sd.o)
 .debug_info    0x000097cc       0x89 /usr/local/arm/lib/gcc/arm-elf/4.1.0/thumb/interwork/libgcc.a(_divsi3.o)
 .debug_info    0x00009855       0x89 /usr/local/arm/lib/gcc/arm-elf/4.1.0/thumb/interwork/libgcc.a(_modsi3.o)

.debug_abbrev   0x00000000     0x1ea3
 *(.debug_abbrev)
 .debug_abbrev  0x00000000       0x10 startup_SAM7S.o
 .debug_abbrev  0x00000010       0xde interrupt_utils.o
 .debug_abbrev  0x000000ee       0xf0 systime.o
 .debug_abbrev  0x000001de      0x1c8 main.o
 .debug_abbrev  0x000003a6      0x174 serial.o
 .debug_abbrev  0x0000051a      0x1fa syscalls.o
 .debug_abbrev  0x00000714       0x80 /usr/local/arm/lib/gcc/arm-elf/4.1.0/../../../../arm-elf/lib/thumb/interwork/libc.a(strcpy.o)
 .debug_abbrev  0x00000794       0x8b /usr/local/arm/lib/gcc/arm-elf/4.1.0/../../../../arm-elf/lib/thumb/interwork/libc.a(strlen.o)
 .debug_abbrev  0x0000081f       0x14 /usr/local/arm/lib/gcc/arm-elf/4.1.0/thumb/interwork/libgcc.a(_udivsi3.o)
 .debug_abbrev  0x00000833       0x14 /usr/local/arm/lib/gcc/arm-elf/4.1.0/thumb/interwork/libgcc.a(_umodsi3.o)
 .debug_abbrev  0x00000847       0x14 /usr/local/arm/lib/gcc/arm-elf/4.1.0/thumb/interwork/libgcc.a(_dvmd_tls.o)
 .debug_abbrev  0x0000085b       0xb4 efsl/libefsl.a(efs.o)
 .debug_abbrev  0x0000090f       0xd4 efsl/libefsl.a(disc.o)
 .debug_abbrev  0x000009e3      0x156 efsl/libefsl.a(partition.o)
 .debug_abbrev  0x00000b39      0x27f efsl/libefsl.a(fs.o)
 .debug_abbrev  0x00000db8      0x229 efsl/libefsl.a(fat.o)
 .debug_abbrev  0x00000fe1      0x255 efsl/libefsl.a(file.o)
 .debug_abbrev  0x00001236      0x18f efsl/libefsl.a(dir.o)
 .debug_abbrev  0x000013c5      0x280 efsl/libefsl.a(ioman.o)
 .debug_abbrev  0x00001645      0x113 efsl/libefsl.a(ui.o)
 .debug_abbrev  0x00001758       0xfd efsl/libefsl.a(extract.o)
 .debug_abbrev  0x00001855      0x111 efsl/libefsl.a(ls.o)
 .debug_abbrev  0x00001966      0x146 efsl/libefsl.a(efsl_dbg_printf_arm.o)
 .debug_abbrev  0x00001aac      0x14f efsl/libefsl.a(at91_spi.o)
 .debug_abbrev  0x00001bfb       0xbd efsl/libefsl.a(plibc.o)
 .debug_abbrev  0x00001cb8       0x43 efsl/libefsl.a(time.o)
 .debug_abbrev  0x00001cfb      0x180 efsl/libefsl.a(sd.o)
 .debug_abbrev  0x00001e7b       0x14 /usr/local/arm/lib/gcc/arm-elf/4.1.0/thumb/interwork/libgcc.a(_divsi3.o)
 .debug_abbrev  0x00001e8f       0x14 /usr/local/arm/lib/gcc/arm-elf/4.1.0/thumb/interwork/libgcc.a(_modsi3.o)

.debug_line     0x00000000     0x198f
 *(.debug_line)
 .debug_line    0x00000000       0xca startup_SAM7S.o
 .debug_line    0x000000ca       0x65 interrupt_utils.o
 .debug_line    0x0000012f       0x6f systime.o
 .debug_line    0x0000019e      0x17a main.o
 .debug_line    0x00000318       0x79 serial.o
 .debug_line    0x00000391      0x176 syscalls.o
 .debug_line    0x00000507       0x85 /usr/local/arm/lib/gcc/arm-elf/4.1.0/../../../../arm-elf/lib/thumb/interwork/libc.a(strcpy.o)
 .debug_line    0x0000058c       0xb8 /usr/local/arm/lib/gcc/arm-elf/4.1.0/../../../../arm-elf/lib/thumb/interwork/libc.a(strlen.o)
 .debug_line    0x00000644       0x77 /usr/local/arm/lib/gcc/arm-elf/4.1.0/thumb/interwork/libgcc.a(_udivsi3.o)
 .debug_line    0x000006bb       0x6f /usr/local/arm/lib/gcc/arm-elf/4.1.0/thumb/interwork/libgcc.a(_umodsi3.o)
 .debug_line    0x0000072a       0x61 /usr/local/arm/lib/gcc/arm-elf/4.1.0/thumb/interwork/libgcc.a(_dvmd_tls.o)
 .debug_line    0x0000078b       0xa2 efsl/libefsl.a(efs.o)
 .debug_line    0x0000082d       0x85 efsl/libefsl.a(disc.o)
 .debug_line    0x000008b2       0xda efsl/libefsl.a(partition.o)
 .debug_line    0x0000098c      0x1ca efsl/libefsl.a(fs.o)
 .debug_line    0x00000b56      0x1d9 efsl/libefsl.a(fat.o)
 .debug_line    0x00000d2f      0x1d1 efsl/libefsl.a(file.o)
 .debug_line    0x00000f00      0x151 efsl/libefsl.a(dir.o)
 .debug_line    0x00001051      0x22d efsl/libefsl.a(ioman.o)
 .debug_line    0x0000127e      0x127 efsl/libefsl.a(ui.o)
 .debug_line    0x000013a5       0x7d efsl/libefsl.a(extract.o)
 .debug_line    0x00001422       0xde efsl/libefsl.a(ls.o)
 .debug_line    0x00001500       0xc3 efsl/libefsl.a(efsl_dbg_printf_arm.o)
 .debug_line    0x000015c3       0xec efsl/libefsl.a(at91_spi.o)
 .debug_line    0x000016af       0x5b efsl/libefsl.a(plibc.o)
 .debug_line    0x0000170a       0x4f efsl/libefsl.a(time.o)
 .debug_line    0x00001759      0x13b efsl/libefsl.a(sd.o)
 .debug_line    0x00001894       0x83 /usr/local/arm/lib/gcc/arm-elf/4.1.0/thumb/interwork/libgcc.a(_divsi3.o)
 .debug_line    0x00001917       0x78 /usr/local/arm/lib/gcc/arm-elf/4.1.0/thumb/interwork/libgcc.a(_modsi3.o)

.debug_frame    0x00000000     0x1314
 *(.debug_frame)
 .debug_frame   0x00000000       0x70 interrupt_utils.o
 .debug_frame   0x00000070       0x48 systime.o
 .debug_frame   0x000000b8       0x30 main.o
 .debug_frame   0x000000e8       0x98 serial.o
 .debug_frame   0x00000180       0x9c syscalls.o
 .debug_frame   0x0000021c       0x2c /usr/local/arm/lib/gcc/arm-elf/4.1.0/../../../../arm-elf/lib/thumb/interwork/libc.a(strcpy.o)
 .debug_frame   0x00000248       0x2c /usr/local/arm/lib/gcc/arm-elf/4.1.0/../../../../arm-elf/lib/thumb/interwork/libc.a(strlen.o)
 .debug_frame   0x00000274       0x28 /usr/local/arm/lib/gcc/arm-elf/4.1.0/thumb/interwork/libgcc.a(_udivsi3.o)
 .debug_frame   0x0000029c       0x28 /usr/local/arm/lib/gcc/arm-elf/4.1.0/thumb/interwork/libgcc.a(_umodsi3.o)
 .debug_frame   0x000002c4       0x30 efsl/libefsl.a(efs.o)
 .debug_frame   0x000002f4       0x48 efsl/libefsl.a(disc.o)
 .debug_frame   0x0000033c      0x10c efsl/libefsl.a(partition.o)
 .debug_frame   0x00000448      0x24c efsl/libefsl.a(fs.o)
 .debug_frame   0x00000694      0x19c efsl/libefsl.a(fat.o)
 .debug_frame   0x00000830      0x158 efsl/libefsl.a(file.o)
 .debug_frame   0x00000988      0x1b0 efsl/libefsl.a(dir.o)
 .debug_frame   0x00000b38      0x32c efsl/libefsl.a(ioman.o)
 .debug_frame   0x00000e64       0x74 efsl/libefsl.a(ui.o)
 .debug_frame   0x00000ed8       0x7c efsl/libefsl.a(extract.o)
 .debug_frame   0x00000f54       0xc0 efsl/libefsl.a(ls.o)
 .debug_frame   0x00001014       0x5c efsl/libefsl.a(efsl_dbg_printf_arm.o)
 .debug_frame   0x00001070       0xa8 efsl/libefsl.a(at91_spi.o)
 .debug_frame   0x00001118       0x5c efsl/libefsl.a(plibc.o)
 .debug_frame   0x00001174       0x40 efsl/libefsl.a(time.o)
 .debug_frame   0x000011b4      0x110 efsl/libefsl.a(sd.o)
 .debug_frame   0x000012c4       0x28 /usr/local/arm/lib/gcc/arm-elf/4.1.0/thumb/interwork/libgcc.a(_divsi3.o)
 .debug_frame   0x000012ec       0x28 /usr/local/arm/lib/gcc/arm-elf/4.1.0/thumb/interwork/libgcc.a(_modsi3.o)

.debug_str      0x00000000     0x1dab
 *(.debug_str)
 .debug_str     0x00000000       0xbd interrupt_utils.o
                                 0xe2 (size before relaxing)
 .debug_str     0x000000bd      0x134 systime.o
                                0x1b4 (size before relaxing)
 .debug_str     0x000001f1      0x5b8 main.o
                                0x761 (size before relaxing)
 .debug_str     0x000007a9      0x11f serial.o
                                0x1b3 (size before relaxing)
 .debug_str     0x000008c8      0x4aa syscalls.o
                                0x5b8 (size before relaxing)
 .debug_str     0x00000d72       0xc6 /usr/local/arm/lib/gcc/arm-elf/4.1.0/../../../../arm-elf/lib/thumb/interwork/libc.a(strcpy.o)
                                0x14f (size before relaxing)
 .debug_str     0x00000e38       0x60 /usr/local/arm/lib/gcc/arm-elf/4.1.0/../../../../arm-elf/lib/thumb/interwork/libc.a(strlen.o)
                                0x147 (size before relaxing)
 .debug_str     0x00000e98       0x5d efsl/libefsl.a(efs.o)
                                0x348 (size before relaxing)
 .debug_str     0x00000ef5       0x26 efsl/libefsl.a(disc.o)
                                0x1c6 (size before relaxing)
 .debug_str     0x00000f1b       0xd8 efsl/libefsl.a(partition.o)
                                0x2a3 (size before relaxing)
 .debug_str     0x00000ff3      0x21f efsl/libefsl.a(fs.o)
                                0x66d (size before relaxing)
 .debug_str     0x00001212      0x1da efsl/libefsl.a(fat.o)
                                0x55e (size before relaxing)
 .debug_str     0x000013ec      0x14b efsl/libefsl.a(file.o)
                                0x5bb (size before relaxing)
 .debug_str     0x00001537      0x165 efsl/libefsl.a(dir.o)
                                0x5cc (size before relaxing)
 .debug_str     0x0000169c      0x27c efsl/libefsl.a(ioman.o)
                                0x3f1 (size before relaxing)
 .debug_str     0x00001918       0x5f efsl/libefsl.a(ui.o)
                                0x4df (size before relaxing)
 .debug_str     0x00001977       0x60 efsl/libefsl.a(extract.o)
                                0x169 (size before relaxing)
 .debug_str     0x000019d7       0x8a efsl/libefsl.a(ls.o)
                                0x469 (size before relaxing)
 .debug_str     0x00001a61       0xc9 efsl/libefsl.a(efsl_dbg_printf_arm.o)
                                0x19e (size before relaxing)
 .debug_str     0x00001b2a      0x13f efsl/libefsl.a(at91_spi.o)
                                0x431 (size before relaxing)
 .debug_str     0x00001c69       0x35 efsl/libefsl.a(plibc.o)
                                0x108 (size before relaxing)
 .debug_str     0x00001c9e       0x35 efsl/libefsl.a(time.o)
                                 0xe6 (size before relaxing)
 .debug_str     0x00001cd3       0xd8 efsl/libefsl.a(sd.o)
                                0x1e5 (size before relaxing)

.debug_loc      0x00000000     0x4ece
 *(.debug_loc)
 .debug_loc     0x00000000       0x72 interrupt_utils.o
 .debug_loc     0x00000072       0x1f systime.o
 .debug_loc     0x00000091      0x14a main.o
 .debug_loc     0x000001db       0xb3 serial.o
 .debug_loc     0x0000028e      0x265 syscalls.o
 .debug_loc     0x000004f3       0xd3 /usr/local/arm/lib/gcc/arm-elf/4.1.0/../../../../arm-elf/lib/thumb/interwork/libc.a(strcpy.o)
 .debug_loc     0x000005c6       0x5b /usr/local/arm/lib/gcc/arm-elf/4.1.0/../../../../arm-elf/lib/thumb/interwork/libc.a(strlen.o)
 .debug_loc     0x00000621       0x50 efsl/libefsl.a(efs.o)
 .debug_loc     0x00000671       0x8e efsl/libefsl.a(disc.o)
 .debug_loc     0x000006ff      0x30a efsl/libefsl.a(partition.o)
 .debug_loc     0x00000a09      0x7dc efsl/libefsl.a(fs.o)
 .debug_loc     0x000011e5      0xbdf efsl/libefsl.a(fat.o)
 .debug_loc     0x00001dc4      0x8fb efsl/libefsl.a(file.o)
 .debug_loc     0x000026bf      0x9c7 efsl/libefsl.a(dir.o)
 .debug_loc     0x00003086      0xd79 efsl/libefsl.a(ioman.o)
 .debug_loc     0x00003dff      0x292 efsl/libefsl.a(ui.o)
 .debug_loc     0x00004091       0xe8 efsl/libefsl.a(extract.o)
 .debug_loc     0x00004179      0x28e efsl/libefsl.a(ls.o)
 .debug_loc     0x00004407      0x219 efsl/libefsl.a(efsl_dbg_printf_arm.o)
 .debug_loc     0x00004620      0x212 efsl/libefsl.a(at91_spi.o)
 .debug_loc     0x00004832      0x101 efsl/libefsl.a(plibc.o)
 .debug_loc     0x00004933      0x59b efsl/libefsl.a(sd.o)

.debug_macinfo
 *(.debug_macinfo)

.debug_weaknames
 *(.debug_weaknames)

.debug_funcnames
 *(.debug_funcnames)

.debug_typenames
 *(.debug_typenames)

.debug_varnames
 *(.debug_varnames)
OUTPUT(main.elf elf32-littlearm)

.debug_ranges   0x00000000      0x1f8
 .debug_ranges  0x00000000      0x148 main.o
 .debug_ranges  0x00000148       0x20 efsl/libefsl.a(partition.o)
 .debug_ranges  0x00000168       0x18 efsl/libefsl.a(fs.o)
 .debug_ranges  0x00000180       0x30 efsl/libefsl.a(fat.o)
 .debug_ranges  0x000001b0       0x48 efsl/libefsl.a(ioman.o)

Cross Reference Table

Symbol                                            File
____umodsi3_from_arm                              /usr/local/arm/lib/gcc/arm-elf/4.1.0/thumb/interwork/libgcc.a(_modsi3.o)
__aeabi_idiv                                      /usr/local/arm/lib/gcc/arm-elf/4.1.0/thumb/interwork/libgcc.a(_divsi3.o)
__aeabi_idiv0                                     /usr/local/arm/lib/gcc/arm-elf/4.1.0/thumb/interwork/libgcc.a(_dvmd_tls.o)
__aeabi_idivmod                                   /usr/local/arm/lib/gcc/arm-elf/4.1.0/thumb/interwork/libgcc.a(_divsi3.o)
__aeabi_ldiv0                                     /usr/local/arm/lib/gcc/arm-elf/4.1.0/thumb/interwork/libgcc.a(_dvmd_tls.o)
__aeabi_uidiv                                     /usr/local/arm/lib/gcc/arm-elf/4.1.0/thumb/interwork/libgcc.a(_udivsi3.o)
__aeabi_uidivmod                                  /usr/local/arm/lib/gcc/arm-elf/4.1.0/thumb/interwork/libgcc.a(_udivsi3.o)
__bss_end__                                       startup_SAM7S.o
__bss_start__                                     startup_SAM7S.o
__ctors_end__                                     startup_SAM7S.o
__ctors_start__                                   startup_SAM7S.o
__div0                                            /usr/local/arm/lib/gcc/arm-elf/4.1.0/thumb/interwork/libgcc.a(_dvmd_tls.o)
                                                  /usr/local/arm/lib/gcc/arm-elf/4.1.0/thumb/interwork/libgcc.a(_modsi3.o)
                                                  /usr/local/arm/lib/gcc/arm-elf/4.1.0/thumb/interwork/libgcc.a(_divsi3.o)
                                                  /usr/local/arm/lib/gcc/arm-elf/4.1.0/thumb/interwork/libgcc.a(_umodsi3.o)
                                                  /usr/local/arm/lib/gcc/arm-elf/4.1.0/thumb/interwork/libgcc.a(_udivsi3.o)
__divsi3                                          /usr/local/arm/lib/gcc/arm-elf/4.1.0/thumb/interwork/libgcc.a(_divsi3.o)
                                                  efsl/libefsl.a(ls.o)
                                                  efsl/libefsl.a(fs.o)
__modsi3                                          /usr/local/arm/lib/gcc/arm-elf/4.1.0/thumb/interwork/libgcc.a(_modsi3.o)
                                                  efsl/libefsl.a(ls.o)
__systime_get_change_to_arm                       /usr/local/arm/lib/gcc/arm-elf/4.1.0/thumb/interwork/libgcc.a(_modsi3.o)
__systime_get_from_thumb                          /usr/local/arm/lib/gcc/arm-elf/4.1.0/thumb/interwork/libgcc.a(_modsi3.o)
__systime_init_change_to_arm                      /usr/local/arm/lib/gcc/arm-elf/4.1.0/thumb/interwork/libgcc.a(_modsi3.o)
__systime_init_from_thumb                         /usr/local/arm/lib/gcc/arm-elf/4.1.0/thumb/interwork/libgcc.a(_modsi3.o)
__udivsi3                                         /usr/local/arm/lib/gcc/arm-elf/4.1.0/thumb/interwork/libgcc.a(_udivsi3.o)
                                                  efsl/libefsl.a(efsl_dbg_printf_arm.o)
                                                  efsl/libefsl.a(ioman.o)
                                                  efsl/libefsl.a(file.o)
                                                  efsl/libefsl.a(fs.o)
                                                  main.o
__umodsi3                                         /usr/local/arm/lib/gcc/arm-elf/4.1.0/thumb/interwork/libgcc.a(_umodsi3.o)
                                                  efsl/libefsl.a(efsl_dbg_printf_arm.o)
                                                  efsl/libefsl.a(file.o)
                                                  efsl/libefsl.a(fs.o)
                                                  systime.o
_close_r                                          syscalls.o
_data                                             startup_SAM7S.o
_edata                                            startup_SAM7S.o
_etext                                            startup_SAM7S.o
_fstat_r                                          syscalls.o
_lseek_r                                          syscalls.o
_read_r                                           syscalls.o
_sbrk_r                                           syscalls.o
_startup                                          startup_SAM7S.o
_write_r                                          syscalls.o
buf                                               main.o
dir_addCluster                                    efsl/libefsl.a(dir.o)
                                                  efsl/libefsl.a(fs.o)
dir_createDefaultEntry                            efsl/libefsl.a(dir.o)
                                                  efsl/libefsl.a(file.o)
dir_createDirectoryEntry                          efsl/libefsl.a(dir.o)
                                                  efsl/libefsl.a(file.o)
dir_findFileinBuf                                 efsl/libefsl.a(dir.o)
dir_findFreeEntryinBuf                            efsl/libefsl.a(dir.o)
dir_findinBuf                                     efsl/libefsl.a(dir.o)
dir_findinCluster                                 efsl/libefsl.a(dir.o)
dir_findinDir                                     efsl/libefsl.a(dir.o)
                                                  efsl/libefsl.a(fs.o)
dir_findinRootArea                                efsl/libefsl.a(dir.o)
dir_getFatFileName                                efsl/libefsl.a(dir.o)
                                                  efsl/libefsl.a(ui.o)
                                                  efsl/libefsl.a(file.o)
                                                  efsl/libefsl.a(fs.o)
dir_getFileStructure                              efsl/libefsl.a(dir.o)
                                                  efsl/libefsl.a(file.o)
dir_setFileSize                                   efsl/libefsl.a(dir.o)
                                                  efsl/libefsl.a(file.o)
dir_setFirstCluster                               efsl/libefsl.a(dir.o)
                                                  efsl/libefsl.a(file.o)
dir_updateDirectoryEntry                          efsl/libefsl.a(dir.o)
                                                  efsl/libefsl.a(file.o)
disableFIQ                                        interrupt_utils.o
disableIRQ                                        interrupt_utils.o
                                                  systime.o
disc_initDisc                                     efsl/libefsl.a(disc.o)
                                                  efsl/libefsl.a(efs.o)
disc_loadMBR                                      efsl/libefsl.a(disc.o)
e                                                 main.o
efs                                               main.o
efs_init                                          efsl/libefsl.a(efs.o)
                                                  main.o
efsl_debug_devopen_arm                            efsl/libefsl.a(efsl_dbg_printf_arm.o)
                                                  main.o
efsl_debug_printf_arm                             efsl/libefsl.a(efsl_dbg_printf_arm.o)
                                                  efsl/libefsl.a(sd.o)
                                                  efsl/libefsl.a(at91_spi.o)
                                                  efsl/libefsl.a(ui.o)
                                                  efsl/libefsl.a(ioman.o)
                                                  efsl/libefsl.a(fat.o)
                                                  main.o
enableFIQ                                         interrupt_utils.o
enableIRQ                                         interrupt_utils.o
end                                               syscalls.o
ex_getPartitionField                              efsl/libefsl.a(extract.o)
                                                  efsl/libefsl.a(disc.o)
ex_getb16                                         efsl/libefsl.a(extract.o)
                                                  efsl/libefsl.a(ui.o)
                                                  efsl/libefsl.a(fs.o)
ex_getb32                                         efsl/libefsl.a(extract.o)
                                                  efsl/libefsl.a(ls.o)
                                                  efsl/libefsl.a(fs.o)
ex_setPartitionField                              efsl/libefsl.a(extract.o)
ex_setb16                                         efsl/libefsl.a(extract.o)
ex_setb32                                         efsl/libefsl.a(extract.o)
                                                  efsl/libefsl.a(fs.o)
fat_DiscToLogicCluster                            efsl/libefsl.a(fat.o)
fat_LogicToDiscCluster                            efsl/libefsl.a(fat.o)
                                                  efsl/libefsl.a(ls.o)
                                                  efsl/libefsl.a(dir.o)
                                                  efsl/libefsl.a(file.o)
fat_allocClusterChain                             efsl/libefsl.a(fat.o)
                                                  efsl/libefsl.a(dir.o)
                                                  efsl/libefsl.a(file.o)
fat_countClustersInChain                          efsl/libefsl.a(fat.o)
                                                  efsl/libefsl.a(file.o)
fat_countFreeClusters                             efsl/libefsl.a(fat.o)
                                                  efsl/libefsl.a(fs.o)
fat_getNextClusterAddress                         efsl/libefsl.a(fat.o)
                                                  efsl/libefsl.a(fs.o)
fat_getNextClusterAddressWBuf                     efsl/libefsl.a(fat.o)
fat_getNextClusterChain                           efsl/libefsl.a(fat.o)
                                                  efsl/libefsl.a(fs.o)
fat_getSectorAddressFatEntry                      efsl/libefsl.a(fat.o)
fat_giveEocMarker                                 efsl/libefsl.a(fat.o)
                                                  efsl/libefsl.a(ui.o)
                                                  efsl/libefsl.a(file.o)
fat_isEocMarker                                   efsl/libefsl.a(fat.o)
fat_setNextClusterAddress                         efsl/libefsl.a(fat.o)
                                                  efsl/libefsl.a(ui.o)
                                                  efsl/libefsl.a(file.o)
fat_setNextClusterAddressWBuf                     efsl/libefsl.a(fat.o)
fat_unlinkClusterChain                            efsl/libefsl.a(fat.o)
                                                  efsl/libefsl.a(ui.o)
file_fclose                                       efsl/libefsl.a(file.o)
                                                  main.o
file_fopen                                        efsl/libefsl.a(file.o)
                                                  main.o
file_fread                                        efsl/libefsl.a(file.o)
                                                  efsl/libefsl.a(ui.o)
file_fwrite                                       efsl/libefsl.a(file.o)
file_getAttr                                      efsl/libefsl.a(file.o)
file_initFile                                     efsl/libefsl.a(file.o)
file_normalToFatName                              efsl/libefsl.a(file.o)
                                                  efsl/libefsl.a(dir.o)
                                                  efsl/libefsl.a(fs.o)
file_read                                         efsl/libefsl.a(file.o)
                                                  main.o
file_requiredCluster                              efsl/libefsl.a(file.o)
file_setAttr                                      efsl/libefsl.a(file.o)
file_setpos                                       efsl/libefsl.a(file.o)
file_validateChar                                 efsl/libefsl.a(file.o)
file_write                                        efsl/libefsl.a(file.o)
                                                  main.o
filer                                             main.o
filew                                             main.o
fs_clearCluster                                   efsl/libefsl.a(fs.o)
                                                  efsl/libefsl.a(ui.o)
                                                  efsl/libefsl.a(dir.o)
fs_clusterToSector                                efsl/libefsl.a(fs.o)
                                                  efsl/libefsl.a(ls.o)
                                                  efsl/libefsl.a(ui.o)
                                                  efsl/libefsl.a(dir.o)
                                                  efsl/libefsl.a(file.o)
fs_countDataSectors                               efsl/libefsl.a(fs.o)
fs_determineFatType                               efsl/libefsl.a(fs.o)
fs_findFile                                       efsl/libefsl.a(fs.o)
                                                  efsl/libefsl.a(ls.o)
                                                  efsl/libefsl.a(ui.o)
                                                  efsl/libefsl.a(file.o)
fs_findFirstSectorRootDir                         efsl/libefsl.a(fs.o)
fs_findFreeFile                                   efsl/libefsl.a(fs.o)
                                                  efsl/libefsl.a(ui.o)
                                                  efsl/libefsl.a(file.o)
fs_flushFs                                        efsl/libefsl.a(fs.o)
                                                  main.o
fs_getFirstClusterRootDir                         efsl/libefsl.a(fs.o)
fs_getFsInfo                                      efsl/libefsl.a(fs.o)
fs_getLastCluster                                 efsl/libefsl.a(fs.o)
                                                  efsl/libefsl.a(dir.o)
                                                  efsl/libefsl.a(fat.o)
fs_getNextFreeCluster                             efsl/libefsl.a(fs.o)
                                                  efsl/libefsl.a(ui.o)
                                                  efsl/libefsl.a(file.o)
fs_giveFreeClusterHint                            efsl/libefsl.a(fs.o)
                                                  efsl/libefsl.a(ui.o)
                                                  efsl/libefsl.a(file.o)
fs_hasTimeSupport                                 efsl/libefsl.a(time.o)
                                                  efsl/libefsl.a(file.o)
fs_initClusterChain                               efsl/libefsl.a(fs.o)
                                                  efsl/libefsl.a(ls.o)
                                                  efsl/libefsl.a(dir.o)
                                                  efsl/libefsl.a(file.o)
fs_initCurrentDir                                 efsl/libefsl.a(fs.o)
fs_initFs                                         efsl/libefsl.a(fs.o)
                                                  efsl/libefsl.a(efs.o)
fs_isValidFat                                     efsl/libefsl.a(fs.o)
fs_loadVolumeId                                   efsl/libefsl.a(fs.o)
fs_makeDate                                       efsl/libefsl.a(time.o)
fs_makeTime                                       efsl/libefsl.a(time.o)
fs_sectorToCluster                                efsl/libefsl.a(fs.o)
fs_setFirstClusterInDirEntry                      efsl/libefsl.a(fs.o)
                                                  efsl/libefsl.a(file.o)
fs_setFsInfo                                      efsl/libefsl.a(fs.o)
fs_umount                                         efsl/libefsl.a(fs.o)
                                                  main.o
fs_verifySanity                                   efsl/libefsl.a(fs.o)
if_initInterface                                  efsl/libefsl.a(at91_spi.o)
                                                  efsl/libefsl.a(efs.o)
if_readBuf                                        efsl/libefsl.a(at91_spi.o)
                                                  efsl/libefsl.a(ioman.o)
                                                  efsl/libefsl.a(partition.o)
if_setPos                                         efsl/libefsl.a(at91_spi.o)
if_spiInit                                        efsl/libefsl.a(at91_spi.o)
if_spiSend                                        efsl/libefsl.a(at91_spi.o)
                                                  efsl/libefsl.a(sd.o)
if_spiSetSpeed                                    efsl/libefsl.a(at91_spi.o)
if_writeBuf                                       efsl/libefsl.a(at91_spi.o)
                                                  efsl/libefsl.a(ioman.o)
                                                  efsl/libefsl.a(partition.o)
ioman_decRefCnt                                   efsl/libefsl.a(ioman.o)
ioman_decUseCnt                                   efsl/libefsl.a(ioman.o)
ioman_directSectorRead                            efsl/libefsl.a(ioman.o)
                                                  efsl/libefsl.a(partition.o)
ioman_directSectorWrite                           efsl/libefsl.a(ioman.o)
                                                  efsl/libefsl.a(partition.o)
ioman_findFreeSpot                                efsl/libefsl.a(ioman.o)
ioman_findOverallocableSpot                       efsl/libefsl.a(ioman.o)
ioman_findSectorInCache                           efsl/libefsl.a(ioman.o)
ioman_findUnusedSpot                              efsl/libefsl.a(ioman.o)
ioman_flushAll                                    efsl/libefsl.a(ioman.o)
ioman_flushRange                                  efsl/libefsl.a(ioman.o)
                                                  efsl/libefsl.a(partition.o)
ioman_flushSector                                 efsl/libefsl.a(ioman.o)
ioman_getAttr                                     efsl/libefsl.a(ioman.o)
ioman_getBp                                       efsl/libefsl.a(ioman.o)
ioman_getBuffer                                   efsl/libefsl.a(ioman.o)
ioman_getPtr                                      efsl/libefsl.a(ioman.o)
ioman_getRefCnt                                   efsl/libefsl.a(ioman.o)
ioman_getSector                                   efsl/libefsl.a(ioman.o)
                                                  efsl/libefsl.a(partition.o)
                                                  efsl/libefsl.a(disc.o)
ioman_getUseCnt                                   efsl/libefsl.a(ioman.o)
ioman_incRefCnt                                   efsl/libefsl.a(ioman.o)
ioman_incUseCnt                                   efsl/libefsl.a(ioman.o)
ioman_init                                        efsl/libefsl.a(ioman.o)
                                                  efsl/libefsl.a(efs.o)
ioman_pop                                         efsl/libefsl.a(ioman.o)
ioman_printStatus                                 efsl/libefsl.a(ioman.o)
ioman_push                                        efsl/libefsl.a(ioman.o)
ioman_putSectorInCache                            efsl/libefsl.a(ioman.o)
ioman_readSector                                  efsl/libefsl.a(ioman.o)
ioman_releaseSector                               efsl/libefsl.a(ioman.o)
                                                  efsl/libefsl.a(partition.o)
                                                  efsl/libefsl.a(disc.o)
ioman_reset                                       efsl/libefsl.a(ioman.o)
ioman_resetCacheItem                              efsl/libefsl.a(ioman.o)
ioman_resetRefCnt                                 efsl/libefsl.a(ioman.o)
ioman_resetUseCnt                                 efsl/libefsl.a(ioman.o)
ioman_setAttr                                     efsl/libefsl.a(ioman.o)
ioman_writeSector                                 efsl/libefsl.a(ioman.o)
isatty                                            syscalls.o
list                                              main.o
listFiles                                         efsl/libefsl.a(ui.o)
ls_fileEntryToDirListEntry                        efsl/libefsl.a(ls.o)
ls_getDirEntry                                    efsl/libefsl.a(ls.o)
ls_getNext                                        efsl/libefsl.a(ls.o)
                                                  main.o
ls_getRealDirEntry                                efsl/libefsl.a(ls.o)
ls_getRootAreaEntry                               efsl/libefsl.a(ls.o)
ls_isValidFileEntry                               efsl/libefsl.a(ls.o)
ls_openDir                                        efsl/libefsl.a(ls.o)
                                                  main.o
main                                              main.o
                                                  startup_SAM7S.o
memClr                                            efsl/libefsl.a(plibc.o)
                                                  efsl/libefsl.a(ls.o)
                                                  efsl/libefsl.a(ui.o)
                                                  efsl/libefsl.a(ioman.o)
                                                  efsl/libefsl.a(dir.o)
                                                  efsl/libefsl.a(file.o)
                                                  efsl/libefsl.a(fs.o)
memCpy                                            efsl/libefsl.a(plibc.o)
                                                  efsl/libefsl.a(ls.o)
                                                  efsl/libefsl.a(ui.o)
                                                  efsl/libefsl.a(ioman.o)
                                                  efsl/libefsl.a(dir.o)
                                                  efsl/libefsl.a(file.o)
memSet                                            efsl/libefsl.a(plibc.o)
mkdir                                             efsl/libefsl.a(ui.o)
pUSART                                            serial.o
part_directSectorRead                             efsl/libefsl.a(partition.o)
                                                  efsl/libefsl.a(file.o)
part_directSectorWrite                            efsl/libefsl.a(partition.o)
                                                  efsl/libefsl.a(file.o)
part_flushPart                                    efsl/libefsl.a(partition.o)
                                                  efsl/libefsl.a(fs.o)
part_getRealLBA                                   efsl/libefsl.a(partition.o)
part_getSect                                      efsl/libefsl.a(partition.o)
                                                  efsl/libefsl.a(ls.o)
                                                  efsl/libefsl.a(ui.o)
                                                  efsl/libefsl.a(dir.o)
                                                  efsl/libefsl.a(file.o)
                                                  efsl/libefsl.a(fat.o)
                                                  efsl/libefsl.a(fs.o)
part_initPartition                                efsl/libefsl.a(partition.o)
                                                  efsl/libefsl.a(efs.o)
part_isFatPart                                    efsl/libefsl.a(partition.o)
part_readBuf                                      efsl/libefsl.a(partition.o)
                                                  efsl/libefsl.a(ui.o)
part_relSect                                      efsl/libefsl.a(partition.o)
                                                  efsl/libefsl.a(ls.o)
                                                  efsl/libefsl.a(ui.o)
                                                  efsl/libefsl.a(dir.o)
                                                  efsl/libefsl.a(file.o)
                                                  efsl/libefsl.a(fat.o)
                                                  efsl/libefsl.a(fs.o)
part_writeBuf                                     efsl/libefsl.a(partition.o)
restoreFIQ                                        interrupt_utils.o
restoreIRQ                                        interrupt_utils.o
                                                  systime.o
rmfile                                            efsl/libefsl.a(ui.o)
                                                  main.o
sd_Command                                        efsl/libefsl.a(sd.o)
sd_Init                                           efsl/libefsl.a(sd.o)
                                                  efsl/libefsl.a(at91_spi.o)
sd_Resp16b                                        efsl/libefsl.a(sd.o)
sd_Resp8b                                         efsl/libefsl.a(sd.o)
sd_Resp8bError                                    efsl/libefsl.a(sd.o)
sd_State                                          efsl/libefsl.a(sd.o)
                                                  efsl/libefsl.a(at91_spi.o)
sd_getDriveSize                                   efsl/libefsl.a(sd.o)
                                                  efsl/libefsl.a(at91_spi.o)
sd_readSector                                     efsl/libefsl.a(sd.o)
                                                  efsl/libefsl.a(at91_spi.o)
sd_writeSector                                    efsl/libefsl.a(sd.o)
                                                  efsl/libefsl.a(at91_spi.o)
strMatch                                          efsl/libefsl.a(plibc.o)
                                                  efsl/libefsl.a(dir.o)
strcpy                                            /usr/local/arm/lib/gcc/arm-elf/4.1.0/../../../../arm-elf/lib/thumb/interwork/libc.a(strcpy.o)
                                                  main.o
strlen                                            /usr/local/arm/lib/gcc/arm-elf/4.1.0/../../../../arm-elf/lib/thumb/interwork/libc.a(strlen.o)
                                                  main.o
systime_get                                       systime.o
                                                  main.o
systime_init                                      systime.o
                                                  main.o
systime_isr                                       systime.o
systime_value                                     systime.o
uart0_getc                                        serial.o
                                                  syscalls.o
                                                  main.o
uart0_init                                        serial.o
                                                  main.o
uart0_kbhit                                       serial.o
                                                  syscalls.o
                                                  main.o
uart0_prints                                      serial.o
                                                  main.o
uart0_putc                                        serial.o
                                                  syscalls.o
                                                  main.o
uart0_putchar                                     serial.o
uart0_puts                                        serial.o
                                                  main.o
